MPLINK 5.09, LINKER
Linker Map File - Created Mon Feb 18 15:12:28 2019

                                 Section Info
                  Section       Type    Address   Location Size(Bytes)
                ---------  ---------  ---------  ---------  ---------
                   .org_0       code   0x000000    program   0x000006
                   .cinit    romdata   0x000006    program   0x000002
                   .org_1       code   0x000018    program   0x00009c
.config_300000_BUILD/DEFAULT/PRODUCTION/_EXT/14    romdata   0x300000    program   0x000001
.config_300001_BUILD/DEFAULT/PRODUCTION/_EXT/14    romdata   0x300001    program   0x000001
.config_300002_BUILD/DEFAULT/PRODUCTION/_EXT/14    romdata   0x300002    program   0x000001
.config_300003_BUILD/DEFAULT/PRODUCTION/_EXT/14    romdata   0x300003    program   0x000001
.config_300005_BUILD/DEFAULT/PRODUCTION/_EXT/14    romdata   0x300005    program   0x000001
.config_300006_BUILD/DEFAULT/PRODUCTION/_EXT/14    romdata   0x300006    program   0x000001
.config_300008_BUILD/DEFAULT/PRODUCTION/_EXT/14    romdata   0x300008    program   0x000001
.config_300009_BUILD/DEFAULT/PRODUCTION/_EXT/14    romdata   0x300009    program   0x000001
.config_30000A_BUILD/DEFAULT/PRODUCTION/_EXT/14    romdata   0x30000a    program   0x000001
.config_30000B_BUILD/DEFAULT/PRODUCTION/_EXT/14    romdata   0x30000b    program   0x000001
.config_30000C_BUILD/DEFAULT/PRODUCTION/_EXT/14    romdata   0x30000c    program   0x000001
.config_30000D_BUILD/DEFAULT/PRODUCTION/_EXT/14    romdata   0x30000d    program   0x000001



                              Program Memory Usage 
                               Start         End      
                           ---------   ---------      
                            0x000000    0x000007      
                            0x000018    0x0000b3      
                            0x300000    0x300003      
                            0x300005    0x300006      
                            0x300008    0x30000d      
            176 out of 33816 program addresses used, program memory utilization is 0%



                              Symbols - Sorted by Name
                     Name    Address   Location    Storage File                     
                ---------  ---------  ---------  --------- ---------                
                PWM_servo   0x00007e    program     static ..\PWM_servo_change.asm  
               duty_equal   0x0000ac    program     static ..\PWM_servo_change.asm  
           duty_not_equal   0x0000b0    program     static ..\PWM_servo_change.asm  
            end_if_timer2   0x0000b0    program     static ..\PWM_servo_change.asm  
            end_increment   0x00007c    program     static ..\PWM_servo_change.asm  
          equal_greater_l   0x000094    program     static ..\PWM_servo_change.asm  
           initialisation   0x000026    program     static ..\PWM_servo_change.asm  
    low_interrupt_routine   0x000058    program     static ..\PWM_servo_change.asm  
                main_loop   0x00007e    program     static ..\PWM_servo_change.asm  
              not_equal_h   0x00009e    program     static ..\PWM_servo_change.asm  
              not_equal_l   0x0000b0    program     static ..\PWM_servo_change.asm  
                  not_max   0x00007a    program     static ..\PWM_servo_change.asm  
                    start   0x00001e    program     static ..\PWM_servo_change.asm  



                              Symbols - Sorted by Address
                     Name    Address   Location    Storage File                     
                ---------  ---------  ---------  --------- ---------                
                    start   0x00001e    program     static ..\PWM_servo_change.asm  
           initialisation   0x000026    program     static ..\PWM_servo_change.asm  
    low_interrupt_routine   0x000058    program     static ..\PWM_servo_change.asm  
                  not_max   0x00007a    program     static ..\PWM_servo_change.asm  
            end_increment   0x00007c    program     static ..\PWM_servo_change.asm  
                PWM_servo   0x00007e    program     static ..\PWM_servo_change.asm  
                main_loop   0x00007e    program     static ..\PWM_servo_change.asm  
          equal_greater_l   0x000094    program     static ..\PWM_servo_change.asm  
              not_equal_h   0x00009e    program     static ..\PWM_servo_change.asm  
               duty_equal   0x0000ac    program     static ..\PWM_servo_change.asm  
           duty_not_equal   0x0000b0    program     static ..\PWM_servo_change.asm  
            end_if_timer2   0x0000b0    program     static ..\PWM_servo_change.asm  
              not_equal_l   0x0000b0    program     static ..\PWM_servo_change.asm  


